18:49:56 **** Build of configuration Debug for project mic2sd ****
make pre-build main-build 
a9-linaro-pre-build-step
' '
'Building file: ../src/helloworld.c'
'Invoking: ARM v7 gcc compiler'
arm-none-eabi-gcc -Wall -O0 -g3 -c -fmessage-length=0 -MT"src/helloworld.o" -mcpu=cortex-a9 -mfpu=vfpv3 -mfloat-abi=hard -I../../mic2sd_bsp/ps7_cortexa9_0/include -MMD -MP -MF"src/helloworld.d" -MT"src/helloworld.o" -o "src/helloworld.o" "../src/helloworld.c"
../src/helloworld.c: In function 'main':
../src/helloworld.c:63:18: warning: variable 'num' set but not used [-Wunused-but-set-variable]
  signed long int num[1000];
                  ^~~
'Finished building: ../src/helloworld.c'
' '
'Building file: ../src/init.c'
'Invoking: ARM v7 gcc compiler'
arm-none-eabi-gcc -Wall -O0 -g3 -c -fmessage-length=0 -MT"src/init.o" -mcpu=cortex-a9 -mfpu=vfpv3 -mfloat-abi=hard -I../../mic2sd_bsp/ps7_cortexa9_0/include -MMD -MP -MF"src/init.d" -MT"src/init.o" -o "src/init.o" "../src/init.c"
'Finished building: ../src/init.c'
' '
'Building file: ../src/platform.c'
'Invoking: ARM v7 gcc compiler'
arm-none-eabi-gcc -Wall -O0 -g3 -c -fmessage-length=0 -MT"src/platform.o" -mcpu=cortex-a9 -mfpu=vfpv3 -mfloat-abi=hard -I../../mic2sd_bsp/ps7_cortexa9_0/include -MMD -MP -MF"src/platform.d" -MT"src/platform.o" -o "src/platform.o" "../src/platform.c"
'Finished building: ../src/platform.c'
' '
'Building target: mic2sd.elf'
'Invoking: ARM v7 gcc linker'
arm-none-eabi-gcc -mcpu=cortex-a9 -mfpu=vfpv3 -mfloat-abi=hard -Wl,-build-id=none -specs=Xilinx.spec -Wl,-T -Wl,../src/lscript.ld -L../../mic2sd_bsp/ps7_cortexa9_0/lib -o "mic2sd.elf"  ./src/helloworld.o ./src/init.o ./src/platform.o   -Wl,--start-group,-lxil,-lgcc,-lc,--end-group
'Finished building target: mic2sd.elf'
' '
'Invoking: ARM v7 Print Size'
arm-none-eabi-size mic2sd.elf  |tee "mic2sd.elf.size"
   text	   data	    bss	    dec	    hex	filename
  22860	   2724	  22600	  48184	   bc38	mic2sd.elf
'Finished building: mic2sd.elf.size'
' '

18:50:01 Build Finished (took 4s.937ms)

